/home/asbahk/miniconda3/envs/verl/lib/python3.12/site-packages/torch/cuda/__init__.py:63: FutureWarning: The pynvml package is deprecated. Please install nvidia-ml-py instead. If you did not install pynvml directly, please report this to the maintainers of the package that installed pynvml for you.
  import pynvml  # type: ignore[import]
Traceback (most recent call last):
  File "/home/asbahk/EMNLP_FINAL/zeroshot/zeroshot_gpt.py", line 19, in <module>
    import evaluate
  File "/home/asbahk/miniconda3/envs/verl/lib/python3.12/site-packages/evaluate/__init__.py", line 29, in <module>
    from .evaluation_suite import EvaluationSuite
  File "/home/asbahk/miniconda3/envs/verl/lib/python3.12/site-packages/evaluate/evaluation_suite/__init__.py", line 7, in <module>
    from datasets import Dataset, DownloadConfig, DownloadMode, load_dataset
  File "/home/asbahk/miniconda3/envs/verl/lib/python3.12/site-packages/datasets/__init__.py", line 17, in <module>
    from .arrow_dataset import Column, Dataset
  File "/home/asbahk/miniconda3/envs/verl/lib/python3.12/site-packages/datasets/arrow_dataset.py", line 78, in <module>
    from . import config
  File "/home/asbahk/miniconda3/envs/verl/lib/python3.12/site-packages/datasets/config.py", line 38, in <module>
    PANDAS_VERSION = version.parse(importlib.metadata.version("pandas"))
                                   ^^^^^^^^^^^^^^^^^^^^^^^^^^^^^^^^^^^^
  File "/home/asbahk/miniconda3/envs/verl/lib/python3.12/importlib/metadata/__init__.py", line 889, in version
    return distribution(distribution_name).version
           ^^^^^^^^^^^^^^^^^^^^^^^^^^^^^^^^^^^^^^^
  File "/home/asbahk/miniconda3/envs/verl/lib/python3.12/importlib/metadata/__init__.py", line 467, in version
    return self.metadata['Version']
           ^^^^^^^^^^^^^
  File "/home/asbahk/miniconda3/envs/verl/lib/python3.12/importlib/metadata/__init__.py", line 452, in metadata
    return _adapters.Message(email.message_from_string(text))
                             ^^^^^^^^^^^^^^^^^^^^^^^^^^^^^^^
  File "/home/asbahk/miniconda3/envs/verl/lib/python3.12/email/__init__.py", line 37, in message_from_string
    return Parser(*args, **kws).parsestr(s)
           ^^^^^^^^^^^^^^^^^^^^^^^^^^^^^^^^
  File "/home/asbahk/miniconda3/envs/verl/lib/python3.12/email/parser.py", line 64, in parsestr
    return self.parse(StringIO(text), headersonly=headersonly)
           ^^^^^^^^^^^^^^^^^^^^^^^^^^^^^^^^^^^^^^^^^^^^^^^^^^^
  File "/home/asbahk/miniconda3/envs/verl/lib/python3.12/email/parser.py", line 53, in parse
    feedparser.feed(data)
  File "/home/asbahk/miniconda3/envs/verl/lib/python3.12/email/feedparser.py", line 174, in feed
    self._call_parse()
  File "/home/asbahk/miniconda3/envs/verl/lib/python3.12/email/feedparser.py", line 178, in _call_parse
    self._parse()
  File "/home/asbahk/miniconda3/envs/verl/lib/python3.12/email/feedparser.py", line 238, in _parsegen
    self._parse_headers(headers)
  File "/home/asbahk/miniconda3/envs/verl/lib/python3.12/email/feedparser.py", line 486, in _parse_headers
    self._cur.set_raw(*self.policy.header_source_parse(lastvalue))
                       ^^^^^^^^^^^^^^^^^^^^^^^^^^^^^^^^^^^^^^^^^^
  File "/home/asbahk/miniconda3/envs/verl/lib/python3.12/email/_policybase.py", line 310, in header_source_parse
    value = ''.join((value, *sourcelines[1:])).lstrip(' \t\r\n')
            ^^^^^^^^^^^^^^^^^^^^^^^^^^^^^^^^^^^^^^^^^^^^^^^^^^^^
KeyboardInterrupt
