/home/asbahk/miniconda3/envs/verl/lib/python3.12/site-packages/torch/cuda/__init__.py:63: FutureWarning: The pynvml package is deprecated. Please install nvidia-ml-py instead. If you did not install pynvml directly, please report this to the maintainers of the package that installed pynvml for you.
  import pynvml  # type: ignore[import]
Skipping import of cpp extensions due to incompatible torch version. Please upgrade to torch >= 2.11.0 (found 2.8.0+cu128).
Note: Environment variable`HF_TOKEN` is set and is the current active token independently from the token you've just configured.
wandb: [wandb.login()] Loaded credentials for https://api.wandb.ai from /home/asbahk/.netrc.
wandb: Currently logged in as: karan21258 (karan912) to https://api.wandb.ai. Use `wandb login --relogin` to force relogin
wandb: setting up run 0nazhwh6
wandb: Tracking run with wandb version 0.26.1
wandb: Run data is saved locally in /home/asbahk/EMNLP_FINAL/Rasingan/sft_training/wandb/run-20260516_132633-0nazhwh6
wandb: Run `wandb offline` to turn off syncing.
wandb: Syncing run Ministral-3-8B-Instruct-2512-sft
wandb: ⭐️ View project at https://wandb.ai/abdullahm-indraprastha-institute-of-information-technolo/rasingan
wandb: 🚀 View run at https://wandb.ai/abdullahm-indraprastha-institute-of-information-technolo/rasingan/runs/0nazhwh6
True
[rank 0] Loading tokenizer and model for mistralai/Ministral-3-8B-Instruct-2512...
Traceback (most recent call last):
  File "/home/asbahk/EMNLP_FINAL/Rasingan/sft_training/train.py", line 237, in <module>
    main()
  File "/home/asbahk/EMNLP_FINAL/Rasingan/sft_training/train.py", line 144, in main
    tokenizer = AutoTokenizer.from_pretrained(args.model_name_or_path, trust_remote_code=True)
                ^^^^^^^^^^^^^^^^^^^^^^^^^^^^^^^^^^^^^^^^^^^^^^^^^^^^^^^^^^^^^^^^^^^^^^^^^^^^^^
  File "/home/asbahk/miniconda3/envs/verl/lib/python3.12/site-packages/transformers/models/auto/tokenization_auto.py", line 1122, in from_pretrained
    raise ValueError(
ValueError: Tokenizer class TokenizersBackend does not exist or is not currently imported.
[1;34mwandb[0m: 
[1;34mwandb[0m: 🚀 View run [33mMinistral-3-8B-Instruct-2512-sft[0m at: [34mhttps://wandb.ai/abdullahm-indraprastha-institute-of-information-technolo/rasingan/runs/0nazhwh6[0m
[1;34mwandb[0m: Find logs at: [1;35mwandb/run-20260516_132633-0nazhwh6/logs[0m
