[0;32m==================================[0m
[0;32mChecking Dependencies[0m
[0;32m==================================[0m
[0;32m✅ Python 3 found: Python 3.12.13[0m
[0;32m✅ NVIDIA CUDA found[0m
NVIDIA H200 NVL
NVIDIA H200 NVL
[0;32m✅ Required Python packages installed[0m
[0;32m==================================[0m
[0;32mStarting Production Server (with Gunicorn)[0m
[0;32m==================================[0m
[1;33mℹ️  Server will start on http://0.0.0.0:8000[0m
[1;33mℹ️  Workers: 1 (for single GPU)[0m
/home/asbahk/miniconda3/envs/verl/lib/python3.12/site-packages/torch/cuda/__init__.py:63: FutureWarning: The pynvml package is deprecated. Please install nvidia-ml-py instead. If you did not install pynvml directly, please report this to the maintainers of the package that installed pynvml for you.
  import pynvml  # type: ignore[import]
Skipping import of cpp extensions due to incompatible torch version. Please upgrade to torch >= 2.11.0 (found 2.8.0+cu128).
Traceback (most recent call last):
  File "<frozen runpy>", line 198, in _run_module_as_main
  File "<frozen runpy>", line 88, in _run_code
  File "/home/asbahk/miniconda3/envs/verl/lib/python3.12/site-packages/uvicorn/__main__.py", line 4, in <module>
    uvicorn.main()
  File "/home/asbahk/miniconda3/envs/verl/lib/python3.12/site-packages/click/core.py", line 1524, in __call__
    return self.main(*args, **kwargs)
           ^^^^^^^^^^^^^^^^^^^^^^^^^^
  File "/home/asbahk/miniconda3/envs/verl/lib/python3.12/site-packages/click/core.py", line 1445, in main
    rv = self.invoke(ctx)
         ^^^^^^^^^^^^^^^^
  File "/home/asbahk/miniconda3/envs/verl/lib/python3.12/site-packages/click/core.py", line 1308, in invoke
    return ctx.invoke(self.callback, **ctx.params)
           ^^^^^^^^^^^^^^^^^^^^^^^^^^^^^^^^^^^^^^^
  File "/home/asbahk/miniconda3/envs/verl/lib/python3.12/site-packages/click/core.py", line 877, in invoke
    return callback(*args, **kwargs)
           ^^^^^^^^^^^^^^^^^^^^^^^^^
  File "/home/asbahk/miniconda3/envs/verl/lib/python3.12/site-packages/uvicorn/main.py", line 441, in main
    run(
  File "/home/asbahk/miniconda3/envs/verl/lib/python3.12/site-packages/uvicorn/main.py", line 609, in run
    config.load_app()
  File "/home/asbahk/miniconda3/envs/verl/lib/python3.12/site-packages/uvicorn/config.py", line 415, in load_app
    return import_from_string(self.app)
           ^^^^^^^^^^^^^^^^^^^^^^^^^^^^
  File "/home/asbahk/miniconda3/envs/verl/lib/python3.12/site-packages/uvicorn/importer.py", line 22, in import_from_string
    raise exc from None
  File "/home/asbahk/miniconda3/envs/verl/lib/python3.12/site-packages/uvicorn/importer.py", line 19, in import_from_string
    module = importlib.import_module(module_str)
             ^^^^^^^^^^^^^^^^^^^^^^^^^^^^^^^^^^^
  File "/home/asbahk/miniconda3/envs/verl/lib/python3.12/importlib/__init__.py", line 90, in import_module
    return _bootstrap._gcd_import(name[level:], package, level)
           ^^^^^^^^^^^^^^^^^^^^^^^^^^^^^^^^^^^^^^^^^^^^^^^^^^^^
  File "<frozen importlib._bootstrap>", line 1387, in _gcd_import
  File "<frozen importlib._bootstrap>", line 1360, in _find_and_load
  File "<frozen importlib._bootstrap>", line 1331, in _find_and_load_unlocked
  File "<frozen importlib._bootstrap>", line 935, in _load_unlocked
  File "<frozen importlib._bootstrap_external>", line 999, in exec_module
  File "<frozen importlib._bootstrap>", line 488, in _call_with_frames_removed
  File "/home/asbahk/EMNLP_FINAL/Rasingan/server/app.py", line 15, in <module>
    from inference import CareModel, CARE_LABELS
  File "/home/asbahk/EMNLP_FINAL/Rasingan/inference.py", line 10, in <module>
    from sentence_transformers import SentenceTransformer
ModuleNotFoundError: No module named 'sentence_transformers'
