[0;32m==================================[0m
[0;32mChecking Dependencies[0m
[0;32m==================================[0m
[0;32m✅ Python 3 found: Python 3.12.13[0m
[0;32m✅ NVIDIA CUDA found[0m
NVIDIA H200 NVL
NVIDIA H200 NVL
[0;32m✅ Required Python packages installed[0m
[0;32m==================================[0m
[0;32mStarting Production Server (with Gunicorn)[0m
[0;32m==================================[0m
[1;33mℹ️  Server will start on http://0.0.0.0:8000[0m
[1;33mℹ️  Workers: 1 (for single GPU)[0m
/home/asbahk/miniconda3/envs/verl/lib/python3.12/site-packages/torch/cuda/__init__.py:63: FutureWarning: The pynvml package is deprecated. Please install nvidia-ml-py instead. If you did not install pynvml directly, please report this to the maintainers of the package that installed pynvml for you.
  import pynvml  # type: ignore[import]
Skipping import of cpp extensions due to incompatible torch version. Please upgrade to torch >= 2.11.0 (found 2.8.0+cu128).
INFO:     Started server process [2809351]
INFO:     Waiting for application startup.
INFO:app:Loading Care Model...
`torch_dtype` is deprecated! Use `dtype` instead!
Loading checkpoint shards:   0%|          | 0/3 [00:00<?, ?it/s]Loading checkpoint shards:  33%|███▎      | 1/3 [00:00<00:01,  1.61it/s]Loading checkpoint shards:  67%|██████▋   | 2/3 [00:01<00:00,  1.66it/s]Loading checkpoint shards: 100%|██████████| 3/3 [00:01<00:00,  2.45it/s]
ERROR:    Traceback (most recent call last):
  File "/home/asbahk/miniconda3/envs/verl/lib/python3.12/site-packages/starlette/routing.py", line 694, in lifespan
    async with self.lifespan_context(app) as maybe_state:
               ^^^^^^^^^^^^^^^^^^^^^^^^^^
  File "/home/asbahk/miniconda3/envs/verl/lib/python3.12/site-packages/fastapi/routing.py", line 241, in __aenter__
    await self._router._startup()
  File "/home/asbahk/miniconda3/envs/verl/lib/python3.12/site-packages/fastapi/routing.py", line 4884, in _startup
    await handler()
  File "/home/asbahk/EMNLP_FINAL/Rasingan/server/app.py", line 74, in startup_event
    model = CareModel()
            ^^^^^^^^^^^
  File "/home/asbahk/EMNLP_FINAL/Rasingan/inference.py", line 159, in __init__
    state_dict = torch.load(CONFIG["classifier_weights"], map_location=device)
                 ^^^^^^^^^^^^^^^^^^^^^^^^^^^^^^^^^^^^^^^^^^^^^^^^^^^^^^^^^^^^^
  File "/home/asbahk/miniconda3/envs/verl/lib/python3.12/site-packages/torch/serialization.py", line 1521, in load
    return _load(
           ^^^^^^
  File "/home/asbahk/miniconda3/envs/verl/lib/python3.12/site-packages/torch/serialization.py", line 2119, in _load
    result = unpickler.load()
             ^^^^^^^^^^^^^^^^
  File "/home/asbahk/miniconda3/envs/verl/lib/python3.12/site-packages/torch/_weights_only_unpickler.py", line 532, in load
    self.append(self.persistent_load(pid))
                ^^^^^^^^^^^^^^^^^^^^^^^^^
  File "/home/asbahk/miniconda3/envs/verl/lib/python3.12/site-packages/torch/serialization.py", line 2083, in persistent_load
    typed_storage = load_tensor(
                    ^^^^^^^^^^^^
  File "/home/asbahk/miniconda3/envs/verl/lib/python3.12/site-packages/torch/serialization.py", line 2049, in load_tensor
    wrap_storage = restore_location(storage, location)
                   ^^^^^^^^^^^^^^^^^^^^^^^^^^^^^^^^^^^
  File "/home/asbahk/miniconda3/envs/verl/lib/python3.12/site-packages/torch/serialization.py", line 1859, in restore_location
    return default_restore_location(storage, map_location)
           ^^^^^^^^^^^^^^^^^^^^^^^^^^^^^^^^^^^^^^^^^^^^^^^
  File "/home/asbahk/miniconda3/envs/verl/lib/python3.12/site-packages/torch/serialization.py", line 698, in default_restore_location
    result = fn(storage, location)
             ^^^^^^^^^^^^^^^^^^^^^
  File "/home/asbahk/miniconda3/envs/verl/lib/python3.12/site-packages/torch/serialization.py", line 637, in _deserialize
    return obj.to(device=device)
           ^^^^^^^^^^^^^^^^^^^^^
  File "/home/asbahk/miniconda3/envs/verl/lib/python3.12/site-packages/torch/storage.py", line 291, in to
    return _to(self, device, non_blocking)
           ^^^^^^^^^^^^^^^^^^^^^^^^^^^^^^^
  File "/home/asbahk/miniconda3/envs/verl/lib/python3.12/site-packages/torch/_utils.py", line 101, in _to
    untyped_storage = torch.UntypedStorage(self.size(), device=device)
                      ^^^^^^^^^^^^^^^^^^^^^^^^^^^^^^^^^^^^^^^^^^^^^^^^
torch.OutOfMemoryError: CUDA out of memory. Tried to allocate 48.00 MiB. GPU 0 has a total capacity of 139.80 GiB of which 21.44 MiB is free. Process 2789241 has 128.30 GiB memory in use. Including non-PyTorch memory, this process has 11.45 GiB memory in use. Of the allocated memory 10.85 GiB is allocated by PyTorch, and 4.02 MiB is reserved by PyTorch but unallocated. If reserved but unallocated memory is large try setting PYTORCH_CUDA_ALLOC_CONF=expandable_segments:True to avoid fragmentation.  See documentation for Memory Management  (https://pytorch.org/docs/stable/notes/cuda.html#environment-variables)

ERROR:    Application startup failed. Exiting.
Loading model weights...
