[0;32m==================================[0m
[0;32mChecking Dependencies[0m
[0;32m==================================[0m
[0;32m✅ Python 3 found: Python 3.12.13[0m
[0;32m✅ NVIDIA CUDA found[0m
NVIDIA H200 NVL
NVIDIA H200 NVL
[0;32m✅ Required Python packages installed[0m
[0;32m==================================[0m
[0;32mStarting Production Server (with Gunicorn)[0m
[0;32m==================================[0m
[1;33mℹ️  Server will start on http://0.0.0.0:8000[0m
[1;33mℹ️  Workers: 1 (for single GPU)[0m
/home/asbahk/miniconda3/envs/verl/lib/python3.12/site-packages/torch/cuda/__init__.py:63: FutureWarning: The pynvml package is deprecated. Please install nvidia-ml-py instead. If you did not install pynvml directly, please report this to the maintainers of the package that installed pynvml for you.
  import pynvml  # type: ignore[import]
Skipping import of cpp extensions due to incompatible torch version. Please upgrade to torch >= 2.11.0 (found 2.8.0+cu128).
INFO:     Started server process [2242526]
INFO:     Waiting for application startup.
INFO:app:Loading Care Model...
`torch_dtype` is deprecated! Use `dtype` instead!
Loading checkpoint shards:   0%|          | 0/3 [00:00<?, ?it/s]Loading checkpoint shards:  33%|███▎      | 1/3 [00:00<00:01,  1.64it/s]Loading checkpoint shards:  67%|██████▋   | 2/3 [00:01<00:00,  1.69it/s]Loading checkpoint shards: 100%|██████████| 3/3 [00:01<00:00,  2.49it/s]
INFO:sentence_transformers.base.model:Loading SentenceTransformer model from sentence-transformers/all-MiniLM-L6-v2.
INFO:app:Model loaded successfully!
INFO:     Application startup complete.
INFO:     Uvicorn running on http://0.0.0.0:8000 (Press CTRL+C to quit)
Loading model weights...
INFO:     127.0.0.1:53508 - "GET /health HTTP/1.1" 200 OK
INFO:     Shutting down
INFO:     Waiting for application shutdown.
INFO:app:Model cleanup complete
INFO:     Application shutdown complete.
INFO:     Finished server process [2242526]
